[validthemes.net/site-template/vifolio/index-9.html]
[backblue.gif]
[fade.gif]
[index.html]
[validthemes.net/site-template/vifolio/assets/img/favicon.png]
[validthemes.net/site-template/vifolio/assets/css/bootstrap.min.css]
[validthemes.net/site-template/vifolio/assets/css/font-awesome.min.css]
[validthemes.net/site-template/vifolio/assets/css/flaticon-set.css]
[validthemes.net/site-template/vifolio/assets/css/magnific-popup.css]
[validthemes.net/site-template/vifolio/assets/css/owl.carousel.min.css]
[validthemes.net/site-template/vifolio/assets/css/owl.theme.default.min.css]
[validthemes.net/site-template/vifolio/assets/css/animate.css]
[validthemes.net/site-template/vifolio/assets/css/bootsnav.css]
[validthemes.net/site-template/vifolio/style.css]
[validthemes.net/site-template/vifolio/assets/css/responsive.css]
[validthemes.net/site-template/vifolio/index.html]
[validthemes.net/site-template/vifolio/assets/img/logo-light.png]
[validthemes.net/site-template/vifolio/assets/img/logo.png]
[validthemes.net/site-template/vifolio/index-1.html]
[validthemes.net/site-template/vifolio/index-2.html]
[validthemes.net/site-template/vifolio/index-3.html]
[validthemes.net/site-template/vifolio/index-4.html]
[validthemes.net/site-template/vifolio/index-5.html]
[validthemes.net/site-template/vifolio/index-6.html]
[validthemes.net/site-template/vifolio/index-7.html]
[validthemes.net/site-template/vifolio/index-8.html]
[validthemes.net/site-template/vifolio/portfolio-grid-2-colum.html]
[validthemes.net/site-template/vifolio/portfolio-grid-2-colum-full-width.html]
[validthemes.net/site-template/vifolio/portfolio-grid-3-colum.html]
[validthemes.net/site-template/vifolio/portfolio-grid-3-colum-full-width.html]
[validthemes.net/site-template/vifolio/portfolio-masonary-2-colum.html]
[validthemes.net/site-template/vifolio/portfolio-masonary-3-colum.html]
[validthemes.net/site-template/vifolio/portfolio-masonary-4-colum.html]
[validthemes.net/site-template/vifolio/portfolio-masonary-4-colum-full-width.html]
[validthemes.net/site-template/vifolio/portfolio-mixed-colum.html]
[validthemes.net/site-template/vifolio/portfolio-mixed-colum-2.html]
[validthemes.net/site-template/vifolio/portfolio-details.html]
[validthemes.net/site-template/vifolio/about-us.html]
[validthemes.net/site-template/vifolio/about-me.html]
[validthemes.net/site-template/vifolio/blog.html]
[validthemes.net/site-template/vifolio/single.html]
[validthemes.net/site-template/vifolio/services.html]
[validthemes.net/site-template/vifolio/services-2.html]
[validthemes.net/site-template/vifolio/404.html]
[validthemes.net/site-template/vifolio/contact.html]
[validthemes.net/site-template/vifolio/assets/img/banner/3.jpg]
[validthemes.net/site-template/vifolio/assets/img/portfolio/14.jpg]
[validthemes.net/site-template/vifolio/assets/img/portfolio/15.jpg]
[validthemes.net/site-template/vifolio/assets/img/portfolio/16.jpg]
[validthemes.net/site-template/vifolio/assets/img/portfolio/2.jpg]
[validthemes.net/site-template/vifolio/assets/img/portfolio/3.jpg]
[validthemes.net/site-template/vifolio/assets/img/portfolio/4.jpg]
[validthemes.net/site-template/vifolio/assets/js/jquery-1.12.4.min.js]
[validthemes.net/site-template/vifolio/assets/js/bootstrap.min.js]
[validthemes.net/site-template/vifolio/assets/js/equal-height.min.js]
[validthemes.net/site-template/vifolio/assets/js/jquery.appear.js]
[validthemes.net/site-template/vifolio/assets/js/jquery.easing.min.js]
[validthemes.net/site-template/vifolio/assets/js/jquery.magnific-popup.min.js]
[validthemes.net/site-template/vifolio/assets/js/modernizr.custom.13711.js]
[validthemes.net/site-template/vifolio/assets/js/owl.carousel.min.js]
[validthemes.net/site-template/vifolio/assets/js/wow.min.js]
[validthemes.net/site-template/vifolio/assets/js/isotope.pkgd.min.js]
[validthemes.net/site-template/vifolio/assets/js/imagesloaded.pkgd.min.js]
[validthemes.net/site-template/vifolio/assets/js/count-to.js]
[validthemes.net/site-template/vifolio/assets/js/particles.min.js]
[validthemes.net/site-template/vifolio/assets/js/bootsnav.js]
[validthemes.net/site-template/vifolio/assets/js/typed.js]
[validthemes.net/site-template/vifolio/assets/js/YTPlayer.min.js]
[validthemes.net/site-template/vifolio/index-9.html]
[validthemes.net/site-template/vifolio/assets/js/main.js]
[validthemes.net/site-template/vifolio/assets/fonts/glyphicons-halflings-regular.eot]
[validthemes.net/site-template/vifolio/assets/fonts/glyphicons-halflings-regulard41d.eot]
[validthemes.net/site-template/vifolio/assets/fonts/glyphicons-halflings-regular.woff2]
[validthemes.net/site-template/vifolio/assets/fonts/glyphicons-halflings-regular.woff]
[validthemes.net/site-template/vifolio/assets/fonts/glyphicons-halflings-regular.ttf]
[validthemes.net/site-template/vifolio/assets/fonts/glyphicons-halflings-regular.svg]
[validthemes.net/site-template/vifolio/assets/css/bootstrap.min.css]
[validthemes.net/site-template/vifolio/assets/fonts/fa-brands-400.eot]
[validthemes.net/site-template/vifolio/assets/fonts/fa-brands-400d41d.eot]
[validthemes.net/site-template/vifolio/assets/fonts/fa-brands-400.woff2]
[validthemes.net/site-template/vifolio/assets/fonts/fa-brands-400.woff]
[validthemes.net/site-template/vifolio/assets/fonts/fa-brands-400.ttf]
[validthemes.net/site-template/vifolio/assets/fonts/fa-brands-400.svg]
[validthemes.net/site-template/vifolio/assets/fonts/fa-regular-400.eot]
[validthemes.net/site-template/vifolio/assets/fonts/fa-regular-400d41d.eot]
[validthemes.net/site-template/vifolio/assets/fonts/fa-regular-400.woff2]
[validthemes.net/site-template/vifolio/assets/fonts/fa-regular-400.woff]
[validthemes.net/site-template/vifolio/assets/fonts/fa-regular-400.ttf]
[validthemes.net/site-template/vifolio/assets/fonts/fa-regular-400.svg]
[validthemes.net/site-template/vifolio/assets/fonts/fa-solid-900.eot]
[validthemes.net/site-template/vifolio/assets/fonts/fa-solid-900d41d.eot]
[validthemes.net/site-template/vifolio/assets/fonts/fa-solid-900.woff2]
[validthemes.net/site-template/vifolio/assets/fonts/fa-solid-900.woff]
[validthemes.net/site-template/vifolio/assets/fonts/fa-solid-900.ttf]
[validthemes.net/site-template/vifolio/assets/fonts/fa-solid-900.svg]
[validthemes.net/site-template/vifolio/assets/css/font-awesome.min.css]
[validthemes.net/site-template/vifolio/assets/fonts/Flaticon.eot]
[validthemes.net/site-template/vifolio/assets/fonts/Flaticond41d.eot]
[validthemes.net/site-template/vifolio/assets/fonts/Flaticon.woff]
[validthemes.net/site-template/vifolio/assets/fonts/Flaticon.ttf]
[validthemes.net/site-template/vifolio/assets/fonts/Flaticon.svg]
[validthemes.net/site-template/vifolio/assets/css/Flaticon.svg]
[validthemes.net/site-template/vifolio/assets/css/flaticon-set.css]
[validthemes.net/site-template/vifolio/assets/css/magnific-popup.css]
[validthemes.net/site-template/vifolio/assets/css/owl.video.play.png]
[validthemes.net/site-template/vifolio/assets/css/owl.carousel.min.css]
[validthemes.net/site-template/vifolio/assets/css/owl.theme.default.min.css]
[validthemes.net/site-template/vifolio/assets/css/animate.css]
[validthemes.net/site-template/vifolio/assets/css/bootsnav.css]
[validthemes.net/site-template/vifolio/style.css]
[validthemes.net/site-template/vifolio/assets/css/responsive.css]
[validthemes.net/site-template/vifolio/assets/img/banner/7.jpg]
[validthemes.net/site-template/vifolio/assets/img/logo-big.png]
[validthemes.net/site-template/vifolio/assets/img/demo/index.jpg]
[validthemes.net/site-template/vifolio/assets/img/demo/index-2.jpg]
[validthemes.net/site-template/vifolio/assets/img/demo/index-3.jpg]
[validthemes.net/site-template/vifolio/assets/img/demo/index-4.jpg]
[validthemes.net/site-template/vifolio/assets/img/demo/index-5.jpg]
[validthemes.net/site-template/vifolio/assets/img/demo/index-6.jpg]
[validthemes.net/site-template/vifolio/assets/img/demo/index-7.jpg]
[validthemes.net/site-template/vifolio/assets/img/demo/index-8.jpg]
[validthemes.net/site-template/vifolio/assets/img/demo/index-9.jpg]
[validthemes.net/site-template/vifolio/assets/img/demo/blog.jpg]
[validthemes.net/site-template/vifolio/assets/img/demo/contact.jpg]
[validthemes.net/site-template/vifolio/assets/img/demo/404.jpg]
[validthemes.net/site-template/vifolio/index.html]
[validthemes.net/site-template/vifolio/assets/img/banner/6.jpg]
[validthemes.net/site-template/vifolio/assets/img/portfolio/8.jpg]
[validthemes.net/site-template/vifolio/assets/img/portfolio/6.jpg]
[validthemes.net/site-template/vifolio/assets/img/portfolio/12.jpg]
[validthemes.net/site-template/vifolio/assets/img/portfolio/1.jpg]
[validthemes.net/site-template/vifolio/assets/img/blog/1.jpg]
[validthemes.net/site-template/vifolio/assets/img/blog/2.jpg]
[validthemes.net/site-template/vifolio/assets/img/blog/3.jpg]
[validthemes.net/site-template/vifolio/index-1.html]
[validthemes.net/site-template/vifolio/assets/img/banner/2.jpg]
[validthemes.net/site-template/vifolio/assets/img/author.jpg]
[validthemes.net/site-template/vifolio/assets/img/portfolio/cr-1.jpg]
[validthemes.net/site-template/vifolio/assets/img/portfolio/cr-2.jpg]
[validthemes.net/site-template/vifolio/assets/img/portfolio/cr-3.jpg]
[validthemes.net/site-template/vifolio/assets/img/portfolio/cr-4.jpg]
[validthemes.net/site-template/vifolio/assets/img/portfolio/cr-5.jpg]
[validthemes.net/site-template/vifolio/assets/img/portfolio/cr-6.jpg]
[validthemes.net/site-template/vifolio/assets/img/blog/4.jpg]
[validthemes.net/site-template/vifolio/index-2.html]
[validthemes.net/site-template/vifolio/assets/img/banner/10.jpg]
[validthemes.net/site-template/vifolio/assets/img/portfolio/juice-1.jpg]
[validthemes.net/site-template/vifolio/assets/img/portfolio/juice-2.jpg]
[validthemes.net/site-template/vifolio/assets/img/portfolio/juice-3.jpg]
[validthemes.net/site-template/vifolio/assets/img/portfolio/juice-5.jpg]
[validthemes.net/site-template/vifolio/assets/img/portfolio/juice-4.jpg]
[validthemes.net/site-template/vifolio/index-3.html]
[validthemes.net/site-template/vifolio/assets/img/banner/5.jpg]
[validthemes.net/site-template/vifolio/assets/img/portfolio/h4.jpg]
[validthemes.net/site-template/vifolio/assets/img/portfolio/13.jpg]
[validthemes.net/site-template/vifolio/assets/img/portfolio/h-1.jpg]
[validthemes.net/site-template/vifolio/assets/img/portfolio/h2.jpg]
[validthemes.net/site-template/vifolio/assets/img/portfolio/h3.jpg]
[validthemes.net/site-template/vifolio/index-4.html]
[validthemes.net/site-template/vifolio/assets/img/instagram/1.jpg]
[validthemes.net/site-template/vifolio/assets/img/instagram/2.jpg]
[validthemes.net/site-template/vifolio/assets/img/instagram/3.jpg]
[validthemes.net/site-template/vifolio/assets/img/instagram/4.jpg]
[validthemes.net/site-template/vifolio/assets/img/instagram/5.jpg]
[validthemes.net/site-template/vifolio/assets/img/instagram/6.jpg]
[validthemes.net/site-template/vifolio/assets/img/portfolio/5.jpg]
[validthemes.net/site-template/vifolio/assets/img/portfolio/cam-2.jpg]
[validthemes.net/site-template/vifolio/assets/img/portfolio/cam-3.jpg]
[validthemes.net/site-template/vifolio/assets/img/portfolio/cam-6.jpg]
[validthemes.net/site-template/vifolio/assets/img/portfolio/cam-4.jpg]
[validthemes.net/site-template/vifolio/assets/img/portfolio/cam-5.jpg]
[validthemes.net/site-template/vifolio/index-5.html]
[validthemes.net/site-template/vifolio/index-6.html]
[validthemes.net/site-template/vifolio/assets/img/banner/1.jpg]
[validthemes.net/site-template/vifolio/assets/img/portfolio/j1.jpg]
[validthemes.net/site-template/vifolio/assets/img/portfolio/j2.jpg]
[validthemes.net/site-template/vifolio/assets/img/portfolio/j3.jpg]
[validthemes.net/site-template/vifolio/assets/img/portfolio/j4.jpg]
[validthemes.net/site-template/vifolio/index-7.html]
[validthemes.net/site-template/vifolio/assets/img/portfolio/19.jpg]
[validthemes.net/site-template/vifolio/assets/img/portfolio/20.jpg]
[validthemes.net/site-template/vifolio/assets/img/portfolio/21.jpg]
[validthemes.net/site-template/vifolio/assets/img/portfolio/22.jpg]
[validthemes.net/site-template/vifolio/index-8.html]
[validthemes.net/site-template/vifolio/assets/img/banner/4.jpg]
[validthemes.net/site-template/vifolio/portfolio-grid-2-colum.html]
[validthemes.net/site-template/vifolio/assets/img/portfolio/7.jpg]
[validthemes.net/site-template/vifolio/portfolio-grid-2-colum-full-width.html]
[validthemes.net/site-template/vifolio/assets/img/portfolio/18.jpg]
[validthemes.net/site-template/vifolio/portfolio-grid-3-colum.html]
[validthemes.net/site-template/vifolio/portfolio-grid-3-colum-full-width.html]
[validthemes.net/site-template/vifolio/portfolio-masonary-2-colum.html]
[validthemes.net/site-template/vifolio/portfolio-masonary-3-colum.html]
[validthemes.net/site-template/vifolio/portfolio-masonary-4-colum.html]
[validthemes.net/site-template/vifolio/portfolio-masonary-4-colum-full-width.html]
[validthemes.net/site-template/vifolio/assets/img/portfolio/9.jpg]
[validthemes.net/site-template/vifolio/portfolio-mixed-colum.html]
[validthemes.net/site-template/vifolio/portfolio-mixed-colum-2.html]
[validthemes.net/site-template/vifolio/portfolio-details.html]
[validthemes.net/site-template/vifolio/assets/img/banner/9.jpg]
[validthemes.net/site-template/vifolio/assets/img/author-ver-1.jpg]
[validthemes.net/site-template/vifolio/assets/img/author-ver-2.jpg]
[validthemes.net/site-template/vifolio/assets/img/team/7.jpg]
[validthemes.net/site-template/vifolio/assets/img/team/8.jpg]
[validthemes.net/site-template/vifolio/assets/img/team/9.jpg]
[validthemes.net/site-template/vifolio/assets/img/team/4.jpg]
[validthemes.net/site-template/vifolio/assets/img/clients/1.png]
[validthemes.net/site-template/vifolio/assets/img/clients/2.png]
[validthemes.net/site-template/vifolio/assets/img/clients/3.png]
[validthemes.net/site-template/vifolio/assets/img/clients/4.png]
[validthemes.net/site-template/vifolio/assets/img/clients/5.png]
[validthemes.net/site-template/vifolio/assets/img/clients/6.png]
[validthemes.net/site-template/vifolio/assets/img/clients/7.png]
[validthemes.net/site-template/vifolio/about-us.html]
[validthemes.net/site-template/vifolio/assets/img/banner/8.jpg]
[validthemes.net/site-template/vifolio/about-me.html]
[validthemes.net/site-template/vifolio/blog.html]
[validthemes.net/site-template/vifolio/assets/img/blog/vertical.jpg]
[validthemes.net/site-template/vifolio/single.html]
[validthemes.net/site-template/vifolio/services.html]
[validthemes.net/site-template/vifolio/services-2.html]
[validthemes.net/site-template/vifolio/404.html]
[validthemes.net/site-template/vifolio/contact.html]
[validthemes.net/site-template/vifolio/assets/js/jquery-1.12.4.min.js]
[validthemes.net/site-template/vifolio/Popover requires tooltip.js]
[validthemes.net/site-template/vifolio/assets/js/bootstrap.min.js]
[validthemes.net/site-template/vifolio/assets/js/equal-height.min.js]
[validthemes.net/site-template/vifolio/assets/js/jquery.appear.js]
[validthemes.net/site-template/vifolio/assets/js/jquery.easing.min.js]
[validthemes.net/site-template/vifolio/assets/js/jquery.magnific-popup.min.js]
[validthemes.net/site-template/vifolio/assets/js/modernizr.custom.13711.js]
[validthemes.net/site-template/vifolio/assets/js/owl.carousel.min.js]
[validthemes.net/site-template/vifolio/assets/js/wow.min.js]
[validthemes.net/site-template/vifolio/assets/js/isotope.pkgd.min.js]
[validthemes.net/site-template/vifolio/assets/js/imagesloaded.pkgd.min.js]
[validthemes.net/site-template/vifolio/assets/js/count-to.js]
[validthemes.net/site-template/vifolio/GET]
[validthemes.net/site-template/vifolio/Error pJS - No image.src]
[validthemes.net/site-template/vifolio/assets/js/particles.min.js]
[validthemes.net/site-template/vifolio/assets/js/bootsnav.js]
[validthemes.net/site-template/vifolio/assets/js/typed.js]
[validthemes.net/site-template/vifolio/assets/js/YTPlayer.min.js]
[validthemes.net/site-template/vifolio/assets/js/main.js]
[validthemes.net/site-template/vifolio/assets/fonts/glyphicons-halflings-regular.html]
[validthemes.net/site-template/vifolio/assets/fonts/glyphicons-halflings-regulard41d.html]
[validthemes.net/site-template/vifolio/assets/fonts/glyphicons-halflings-regular-2.html]
[validthemes.net/site-template/vifolio/assets/fonts/glyphicons-halflings-regular-3.html]
[validthemes.net/site-template/vifolio/assets/fonts/glyphicons-halflings-regular-4.html]
[validthemes.net/site-template/vifolio/assets/fonts/glyphicons-halflings-regular-5.html]
[validthemes.net/site-template/vifolio/assets/fonts/fa-brands-400.html]
[validthemes.net/site-template/vifolio/assets/fonts/fa-regular-400.html]
[validthemes.net/site-template/vifolio/assets/fonts/fa-solid-900.html]
[validthemes.net/site-template/vifolio/assets/fonts/Flaticon.html]
[validthemes.net/site-template/vifolio/assets/fonts/Flaticond41d.html]
[validthemes.net/site-template/vifolio/assets/fonts/Flaticon.svg]
[validthemes.net/site-template/vifolio/assets/css/Flaticon.html]
[validthemes.net/site-template/vifolio/assets/css/owl.video.play.html]
[validthemes.net/site-template/vifolio/Popover requires tooltip.html]
[validthemes.net/site-template/vifolio/GET.html]
[validthemes.net/site-template/vifolio/Error pJS - No image.html]
