[gracey.qodeinteractive.com/portfolio-metro/index.html]
[backblue.gif]
[fade.gif]
[index.html]
[gracey.qodeinteractive.com/wp-content/plugins/instagram-feed/css/sbi-styles.mind42d.css]
[gracey.qodeinteractive.com/wp-content/plugins/gracey-core/inc/icons/dripicons/assets/css/dripicons.min380f.css]
[gracey.qodeinteractive.com/wp-content/plugins/gracey-core/inc/icons/elegant-icons/assets/css/elegant-icons.min380f.css]
[gracey.qodeinteractive.com/wp-content/plugins/gracey-core/inc/icons/font-awesome/assets/css/all.min380f.css]
[gracey.qodeinteractive.com/wp-content/plugins/gracey-core/inc/icons/ionicons/assets/css/ionicons.min380f.css]
[gracey.qodeinteractive.com/wp-content/plugins/gracey-core/inc/icons/kiko/assets/css/kiko-all.min380f.css]
[gracey.qodeinteractive.com/wp-content/plugins/gracey-core/inc/icons/linea-icons/assets/css/linea-icons.min380f.css]
[gracey.qodeinteractive.com/wp-content/plugins/gracey-core/inc/icons/linear-icons/assets/css/linear-icons.min380f.css]
[gracey.qodeinteractive.com/wp-content/plugins/gracey-core/inc/icons/simple-line-icons/assets/css/simple-line-icons.min380f.css]
[gracey.qodeinteractive.com/wp-includes/css/dist/block-library/style.min380f.css]
[gracey.qodeinteractive.com/wp-content/plugins/woocommerce/packages/woocommerce-blocks/build/wc-blocks-vendors-style2ff6.css]
[gracey.qodeinteractive.com/wp-content/plugins/woocommerce/packages/woocommerce-blocks/build/wc-blocks-style2ff6.css]
[gracey.qodeinteractive.com/wp-content/plugins/contact-form-7/includes/css/styles77e1.css]
[export.qodethemes.com/_toolbar/assets/css/rbt-modules380f.css]
[gracey.qodeinteractive.com/wp-content/plugins/wp-user-avatar/assets/css/frontend.minb2f9.css]
[gracey.qodeinteractive.com/wp-content/plugins/wp-user-avatar/assets/flatpickr/flatpickr.minb2f9.css]
[gracey.qodeinteractive.com/wp-content/plugins/wp-user-avatar/assets/select2/select2.min380f.css]
[gracey.qodeinteractive.com/wp-content/plugins/qi-addons-for-elementor/assets/plugins/swiper/swiper.min380f.css]
[gracey.qodeinteractive.com/wp-content/plugins/qi-addons-for-elementor/assets/css/grid.min380f.css]
[gracey.qodeinteractive.com/wp-content/plugins/qi-addons-for-elementor/assets/css/helper-parts.min380f.css]
[gracey.qodeinteractive.com/wp-content/plugins/qi-addons-for-elementor/assets/css/main.min380f.css]
[gracey.qodeinteractive.com/wp-content/plugins/woocommerce/assets/css/select2823d.css]
[gracey.qodeinteractive.com/wp-content/plugins/gracey-core/inc/core-dashboard/assets/css/core-dashboard.min380f.css]
[gracey.qodeinteractive.com/wp-content/plugins/gracey-core/assets/plugins/perfect-scrollbar/perfect-scrollbar380f.css]
[gracey.qodeinteractive.com/wp-content/themes/gracey/assets/css/main.min380f.css]
[gracey.qodeinteractive.com/wp-content/plugins/gracey-core/assets/css/gracey-core.min380f.css]
[gracey.qodeinteractive.com/wp-content/themes/gracey/assets/plugins/magnific-popup/magnific-popup380f.css]
[gracey.qodeinteractive.com/wp-content/themes/gracey/style380f.css]
[gracey.qodeinteractive.com/wp-content/plugins/gracey-core/inc/plugins/elementor/assets/css/elementor.min380f.css]
[gracey.qodeinteractive.com/wp-content/plugins/elementor/assets/lib/eicons/css/elementor-icons.min91ce.css]
[gracey.qodeinteractive.com/wp-content/plugins/elementor/assets/css/frontend.min3621.css]
[gracey.qodeinteractive.com/wp-content/uploads/elementor/css/post-1138a4.css]
[gracey.qodeinteractive.com/wp-content/uploads/elementor/css/post-1099b980.css]
[gracey.qodeinteractive.com/wp-content/plugins/qode-zendesk-chat/assets/main380f.css]
[gracey.qodeinteractive.com/wp-includes/js/jquery/jquery.minf43b.js]
[gracey.qodeinteractive.com/wp-includes/js/jquery/jquery-migrate.min5589.js]
[gracey.qodeinteractive.com/wp-content/plugins/revslider/public/assets/js/rbtools.min0660.js]
[gracey.qodeinteractive.com/wp-content/plugins/revslider/public/assets/js/rs6.min0660.js]
[gracey.qodeinteractive.com/wp-content/plugins/wp-user-avatar/assets/flatpickr/flatpickr.minb2f9.js]
[gracey.qodeinteractive.com/wp-content/plugins/wp-user-avatar/assets/select2/select2.minb2f9.js]
[gracey.qodeinteractive.com/wp-content/uploads/2021/08/cropped-Favicon-32x32.jpg]
[gracey.qodeinteractive.com/wp-content/uploads/2021/08/cropped-Favicon-192x192.jpg]
[gracey.qodeinteractive.com/wp-content/uploads/2021/08/cropped-Favicon-180x180.jpg]
[gracey.qodeinteractive.com/wp-content/uploads/2021/05/g.png]
[gracey.qodeinteractive.com/wp-content/uploads/2021/05/g-light.png]
[gracey.qodeinteractive.com/wp-content/uploads/2021/05/h8-img1.jpg]
[gracey.qodeinteractive.com/wp-content/uploads/2021/05/h8-img2-1.jpg]
[gracey.qodeinteractive.com/wp-content/uploads/2021/05/h8-img3.jpg]
[gracey.qodeinteractive.com/wp-content/uploads/2021/05/h8-img4.jpg]
[gracey.qodeinteractive.com/wp-content/uploads/2021/05/h8-img5.jpg]
[gracey.qodeinteractive.com/wp-content/uploads/2021/05/h8-img6.jpg]
[gracey.qodeinteractive.com/wp-content/uploads/2021/05/h8-img7.jpg]
[gracey.qodeinteractive.com/wp-content/uploads/2021/05/h8-img8.jpg]
[gracey.qodeinteractive.com/wp-content/uploads/2021/05/h8-img9.jpg]
[gracey.qodeinteractive.com/wp-content/uploads/2021/05/h8-img10.jpg]
[gracey.qodeinteractive.com/wp-content/uploads/2021/05/h8-img11.jpg]
[gracey.qodeinteractive.com/wp-content/uploads/2021/05/h8-img12.jpg]
[gracey.qodeinteractive.com/wp-content/uploads/2021/05/h8-img13.jpg]
[gracey.qodeinteractive.com/wp-content/uploads/2021/05/h8-img14.jpg]
[gracey.qodeinteractive.com/wp-content/uploads/2021/05/h8-img16.jpg]
[gracey.qodeinteractive.com/wp-content/uploads/2021/05/h8-img15.jpg]
[gracey.qodeinteractive.com/wp-content/uploads/2021/05/h8-img17.jpg]
[gracey.qodeinteractive.com/wp-content/uploads/2021/05/h8-logo-footer.png]
[gracey.qodeinteractive.com/wp-content/uploads/2021/05/G-sidearea.png]
[gracey.qodeinteractive.com/cdn-cgi/scripts/5c5dd728/cloudflare-static/email-decode.min.js]
[gracey.qodeinteractive.com/wp-content/plugins/elementor/assets/lib/animations/animations.min3621.css]
[gracey.qodeinteractive.com/wp-content/plugins/revslider/public/assets/css/rs60660.css]
[gracey.qodeinteractive.com/wp-content/plugins/contact-form-7/includes/swv/js/index77e1.js]
[gracey.qodeinteractive.com/wp-content/plugins/contact-form-7/includes/js/index77e1.js]
[export.qodethemes.com/_toolbar/assets/js/rbt-modules380f.js]
[gracey.qodeinteractive.com/wp-content/plugins/woocommerce/assets/js/jquery-blockui/jquery.blockUI.mindc32.js]
[gracey.qodeinteractive.com/wp-content/plugins/woocommerce/assets/js/frontend/add-to-cart.min823d.js]
[gracey.qodeinteractive.com/wp-content/plugins/woocommerce/assets/js/js-cookie/js.cookie.minc599.js]
[gracey.qodeinteractive.com/wp-content/plugins/woocommerce/assets/js/frontend/woocommerce.min823d.js]
[gracey.qodeinteractive.com/wp-content/plugins/woocommerce/assets/js/frontend/cart-fragments.min823d.js]
[gracey.qodeinteractive.com/wp-content/plugins/wp-user-avatar/assets/js/frontend.minb2f9.js]
[gracey.qodeinteractive.com/wp-includes/js/jquery/ui/core.min3f14.js]
[gracey.qodeinteractive.com/wp-content/plugins/qi-addons-for-elementor/assets/js/main.min380f.js]
[gracey.qodeinteractive.com/wp-content/plugins/gracey-core/assets/plugins/perfect-scrollbar/perfect-scrollbar.jquery.min380f.js]
[gracey.qodeinteractive.com/wp-includes/js/hoverIntent.min3e5a.js]
[gracey.qodeinteractive.com/wp-content/plugins/gracey-core/assets/plugins/jquery/jquery.easing.1.3380f.js]
[gracey.qodeinteractive.com/wp-content/plugins/gracey-core/assets/plugins/modernizr/modernizr380f.js]
[gracey.qodeinteractive.com/wp-content/plugins/gracey-core/assets/plugins/gsap/gsap.min380f.js]
[gracey.qodeinteractive.com/wp-content/themes/gracey/assets/js/main.min380f.js]
[gracey.qodeinteractive.com/wp-includes/js/underscore.mind584.js]
[gracey.qodeinteractive.com/wp-content/plugins/gracey-core/inc/maps/assets/js/custom-marker380f.js]
[gracey.qodeinteractive.com/wp-content/plugins/gracey-core/inc/maps/assets/js/markerclusterer380f.js]
[gracey.qodeinteractive.com/wp-content/plugins/gracey-core/inc/maps/assets/js/google-map380f.js]
[gracey.qodeinteractive.com/wp-content/plugins/gracey-core/assets/js/gracey-core.min380f.js]
[gracey.qodeinteractive.com/wp-content/themes/gracey/assets/plugins/waitforimages/jquery.waitforimages380f.js]
[gracey.qodeinteractive.com/wp-content/themes/gracey/assets/plugins/appear/jquery.appear380f.js]
[gracey.qodeinteractive.com/wp-content/plugins/elementor/assets/lib/swiper/swiper.min48f5.js]
[gracey.qodeinteractive.com/wp-content/themes/gracey/assets/plugins/magnific-popup/jquery.magnific-popup.min380f.js]
[gracey.qodeinteractive.com/wp-content/plugins/woocommerce/assets/js/select2/select2.full.min8d46.js]
[static.zdassets.com/ekr/snippet49ce.js]
[gracey.qodeinteractive.com/wp-content/themes/gracey/inc/justified-gallery/assets/js/plugins/jquery.justifiedGallery.min68b3.js]
[gracey.qodeinteractive.com/wp-content/plugins/gracey-core/inc/post-types/portfolio/shortcodes/portfolio-list/assets/js/plugins/smooth-scrollbar68b3.js]
[gracey.qodeinteractive.com/wp-content/plugins/gracey-core/inc/post-types/portfolio/shortcodes/portfolio-list/assets/js/plugins/HorizontalScrollPlugin68b3.js]
[gracey.qodeinteractive.com/wp-content/plugins/gracey-core/inc/post-types/portfolio/shortcodes/portfolio-list/assets/js/plugins/overscroll68b3.js]
[gracey.qodeinteractive.com/wp-content/plugins/qi-addons-for-elementor/inc/masonry/assets/js/plugins/packery-mode.pkgd.min380f.js]
[gracey.qodeinteractive.com/wp-content/plugins/qi-addons-for-elementor/inc/masonry/assets/js/plugins/isotope.pkgd.min380f.js]
[gracey.qodeinteractive.com/wp-content/plugins/instagram-feed/js/sbi-scripts.mind42d.js]
[gracey.qodeinteractive.com/wp-content/plugins/elementor/assets/js/webpack.runtime.min3621.js]
[gracey.qodeinteractive.com/wp-content/plugins/elementor/assets/js/frontend-modules.min3621.js]
[gracey.qodeinteractive.com/wp-content/plugins/elementor/assets/lib/waypoints/waypoints.min05da.js]
[gracey.qodeinteractive.com/wp-content/plugins/elementor/assets/lib/share-link/share-link.min3621.js]
[gracey.qodeinteractive.com/wp-content/plugins/elementor/assets/lib/dialog/dialog.mind227.js]
[gracey.qodeinteractive.com/wp-content/plugins/elementor/assets/js/frontend.min3621.js]
[gracey.qodeinteractive.com/wp-includes/js/dist/vendor/wp-polyfill-inert.min0226.js]
[gracey.qodeinteractive.com/wp-includes/js/dist/vendor/regenerator-runtime.min6c85.js]
[gracey.qodeinteractive.com/wp-includes/js/dist/vendor/wp-polyfill.min2c7c.js]
[gracey.qodeinteractive.com/wp-includes/js/dist/hooks.min2757.js]
[gracey.qodeinteractive.com/wp-includes/js/dist/i18n.minc33c.js]
[gracey.qodeinteractive.com/wp-content/plugins/qi-addons-for-elementor/inc/plugins/elementor/assets/js/elementor380f.js]
[gracey.qodeinteractive.com/wp-content/plugins/gracey-core/inc/plugins/elementor/assets/js/elementor380f.js]
[gracey.qodeinteractive.com/portfolio-metro/index.html]
[gracey.qodeinteractive.com/wp-content/plugins/instagram-feed/css/sbi-styles.mind42d.css]
[gracey.qodeinteractive.com/wp-content/plugins/gracey-core/inc/icons/dripicons/assets/css/dripicons.min380f.css]
[gracey.qodeinteractive.com/wp-content/plugins/gracey-core/inc/icons/elegant-icons/assets/css/elegant-icons.min380f.css]
[gracey.qodeinteractive.com/wp-content/plugins/gracey-core/inc/icons/font-awesome/assets/css/all.min380f.css]
[gracey.qodeinteractive.com/wp-content/plugins/gracey-core/inc/icons/ionicons/assets/css/ionicons.min380f.css]
[gracey.qodeinteractive.com/wp-content/plugins/gracey-core/inc/icons/kiko/assets/css/kiko-all.min380f.css]
[gracey.qodeinteractive.com/wp-content/plugins/gracey-core/inc/icons/linea-icons/assets/css/linea-icons.min380f.css]
[gracey.qodeinteractive.com/wp-content/plugins/gracey-core/inc/icons/linear-icons/assets/css/linear-icons.min380f.css]
[gracey.qodeinteractive.com/wp-content/plugins/gracey-core/inc/icons/simple-line-icons/assets/css/simple-line-icons.min380f.css]
[gracey.qodeinteractive.com/wp-includes/css/dist/block-library/style.min380f.css]
[gracey.qodeinteractive.com/wp-content/plugins/woocommerce/packages/woocommerce-blocks/build/wc-blocks-vendors-style2ff6.css]
[gracey.qodeinteractive.com/wp-content/plugins/woocommerce/packages/woocommerce-blocks/build/wc-blocks-style2ff6.css]
[gracey.qodeinteractive.com/wp-content/plugins/contact-form-7/includes/css/styles77e1.css]
[export.qodethemes.com/_toolbar/assets/css/rbt-modules380f.css]
[gracey.qodeinteractive.com/wp-content/plugins/elementor/assets/js/preloaded-modules.min3621.js]
[gracey.qodeinteractive.com/wp-content/plugins/wp-user-avatar/assets/css/material-icons/MaterialIcons-Regular.woff2]
[gracey.qodeinteractive.com/wp-content/plugins/wp-user-avatar/assets/css/material-icons/MaterialIcons-Regular.woff]
[gracey.qodeinteractive.com/wp-content/plugins/wp-user-avatar/assets/images/frontend/arrow-down.png]
[gracey.qodeinteractive.com/wp-content/plugins/wp-user-avatar/assets/css/frontend.minb2f9.css]
[gracey.qodeinteractive.com/wp-content/plugins/wp-user-avatar/assets/flatpickr/flatpickr.minb2f9.css]
[gracey.qodeinteractive.com/wp-content/plugins/wp-user-avatar/assets/select2/select2.min380f.css]
[gracey.qodeinteractive.com/wp-content/plugins/qi-addons-for-elementor/assets/plugins/swiper/swiper.min380f.css]
[gracey.qodeinteractive.com/wp-content/plugins/qi-addons-for-elementor/assets/css/grid.min380f.css]
[gracey.qodeinteractive.com/wp-content/plugins/qi-addons-for-elementor/assets/css/helper-parts.min380f.css]
[gracey.qodeinteractive.com/wp-content/plugins/qi-addons-for-elementor/assets/css/main.min380f.css]
[gracey.qodeinteractive.com/wp-content/plugins/woocommerce/assets/css/select2823d.css]
[gracey.qodeinteractive.com/wp-content/plugins/gracey-core/inc/core-dashboard/assets/css/core-dashboard.min380f.css]
[gracey.qodeinteractive.com/wp-content/plugins/gracey-core/assets/plugins/perfect-scrollbar/perfect-scrollbar380f.css]
[gracey.qodeinteractive.com/wp-content/themes/gracey/assets/css/main.min380f.css]
[gracey.qodeinteractive.com/wp-content/plugins/gracey-core/assets/css/gracey-core.min380f.css]
[gracey.qodeinteractive.com/wp-content/themes/gracey/assets/plugins/magnific-popup/magnific-popup380f.css]
[gracey.qodeinteractive.com/wp-content/themes/gracey/style380f.css]
[gracey.qodeinteractive.com/wp-content/plugins/gracey-core/inc/plugins/elementor/assets/css/elementor.min380f.css]
[gracey.qodeinteractive.com/wp-content/plugins/elementor/assets/lib/eicons/css/elementor-icons.min91ce.css]
[gracey.qodeinteractive.com/wp-content/plugins/elementor/assets/css/frontend.min3621.css]
[gracey.qodeinteractive.com/wp-content/uploads/elementor/css/post-1138a4.css]
[gracey.qodeinteractive.com/wp-content/uploads/elementor/css/post-1099b980.css]
[gracey.qodeinteractive.com/wp-content/plugins/qode-zendesk-chat/assets/main380f.css]
[gracey.qodeinteractive.com/wp-content/plugins/elementor/assets/lib/animations/animations.min3621.css]
[gracey.qodeinteractive.com/wp-content/plugins/revslider/public/assets/assets/gridtile.png]
[gracey.qodeinteractive.com/wp-content/plugins/revslider/public/assets/assets/gridtile_white.png]
[gracey.qodeinteractive.com/wp-content/plugins/revslider/public/assets/assets/gridtile_3x3.png]
[gracey.qodeinteractive.com/wp-content/plugins/revslider/public/assets/assets/gridtile_3x3_white.png]
[gracey.qodeinteractive.com/wp-content/plugins/revslider/public/assets/assets/coloredbg.png]
[gracey.qodeinteractive.com/wp-content/plugins/revslider/public/assets/assets/loader.gif]
[gracey.qodeinteractive.com/wp-content/plugins/revslider/public/assets/css/rs60660.css]
[gracey.qodeinteractive.com/wp-content/plugins/revslider/public/assets/css/openhand.html]
[gracey.qodeinteractive.com/wp-content/plugins/revslider/public/assets/css/closedhand.html]
